https://analisi.cat
https://revistes.uab.cat/anuarioiet
https://revistes.uab.cat/anuariolopedevega
https://revistes.uab.cat/arqueotext
https://atheneadigital.net/
https://revistes.uab.cat/brumal
https://revistes.uab.cat/catJL
https://revistes.uab.cat/ciencies
https://revistes.uab.cat/clil
https://revistes.uab.cat/da
https://dag.revista.uab.es
https://revistes.uab.cat/dea
https://revistes.uab.cat/doblele
https://educar.uab.cat
https://elcvia.cvc.uab.es
https://revistes.uab.cat/enrahonar
https://ensciencias.uab.es
https://revistes.uab.cat/faventia
https://revistes.uab.cat/fraseolex
https://revistes.uab.cat/grafica
https://revistes.uab.cat/grafowp
https://revistes.uab.cat/indialogs
https://revistes.uab.cat/isogloss
https://revistes.uab.cat/jhsgl
https://revistes.uab.cat/jtl3
https://revistes.uab.cat/karanos
https://revistes.uab.cat/locus
https://revistes.uab.cat/manuscrits
https://revistes.uab.cat/medievalia
https://revistes.uab.cat/mitologias
https://revistes.uab.cat/nuevasdeindias
https://revistes.uab.cat/orsis 
https://papers.uab.cat
https://revistes.uab.cat/periferia
https://www.questionespublicitarias.es
https://revistes.uab.cat/quaderns
https://revistes.uab.cat/quadernsitalia
https://www.quadernsdepsicologia.cat
https://revistes.uab.cat/recmus 
https://revistes.uab.cat/redes
https://revistes.uab.cat/regroc/index
https://www.rpd-online.com
https://revistes.uab.cat/rubrica
https://revistes.uab.cat/rutacom
https://studiaaurea.com
https://revistes.uab.cat/tdevorado
https://revistes.uab.cat/tradumatica
https://revistes.uab.cat/treballsarqueologia
